// Jest Snapshot v1, https://goo.gl/fbAQLP

exports[`JanusMain renders 1`] = `
<div
  id="janus-main"
>
  <div
    id="identity-group"
  >
    <div
      className="title"
    >
      Your Identity
    </div>
    <div
      className="item"
    >
      Janus Bifrons
    </div>
    <div
      className="item"
    >
      janus@two-faces.org
    </div>
    <div
      className="item"
    >
      <button
        className="MuiButtonBase-root MuiButton-root MuiButton-text"
        disabled={false}
        onBlur={[Function]}
        onClick={[Function]}
        onDragLeave={[Function]}
        onFocus={[Function]}
        onKeyDown={[Function]}
        onKeyUp={[Function]}
        onMouseDown={[Function]}
        onMouseLeave={[Function]}
        onMouseUp={[Function]}
        onTouchEnd={[Function]}
        onTouchMove={[Function]}
        onTouchStart={[Function]}
        tabIndex={0}
        type="button"
      >
        <span
          className="MuiButton-label"
        >
          Copy Token
        </span>
        <span
          className="MuiTouchRipple-root"
        />
      </button>
    </div>
  </div>
  <div
    id="user-projects"
  >
    <div
      className="title"
    >
      Your Projects
    </div>
    <div
      className="MuiPaper-root MuiTableContainer-root MuiPaper-elevation1 MuiPaper-rounded"
    >
      <table
        aria-label="project users"
        className="MuiTable-root"
        role={null}
      >
        <thead
          className="MuiTableHead-root"
          role={null}
        >
          <tr
            className="MuiTableRow-root MuiTableRow-head"
            role={null}
          >
            <th
              aria-sort={null}
              className="MuiTableCell-root MuiTableCell-head"
              scope="col"
            >
              Project Name
            </th>
            <th
              aria-sort={null}
              className="MuiTableCell-root MuiTableCell-head"
              scope="col"
            >
              Title
            </th>
            <th
              aria-sort={null}
              className="MuiTableCell-root MuiTableCell-head"
              scope="col"
            >
              Role
            </th>
            <th
              aria-sort={null}
              className="MuiTableCell-root MuiTableCell-head MuiTableCell-paddingCheckbox"
              scope="col"
            >
              Privileged
            </th>
          </tr>
        </thead>
        <tbody
          className="MuiTableBody-root"
          role={null}
        />
      </table>
    </div>
  </div>
</div>
`;
